// Jest Snapshot v1, https://goo.gl/fbAQLP

exports[`StatsContainer Test Case {   Snap 1 } 1`] = `undefined`;
